C:\Users\john\Documents\UTSA\Lab\WebChat\WebstormProjects\WebChat\crawl_service\venv\Lib\site-packages\requests\__init__.py:113: RequestsDependencyWarning: urllib3 (2.6.3) or chardet (7.0.1)/charset_normalizer (3.4.5) doesn't match a supported version!
  warnings.warn(
INFO:     Started server process [17860]
INFO:     Waiting for application startup.
ERROR:    Traceback (most recent call last):
  File "C:\Users\john\Documents\UTSA\Lab\WebChat\WebstormProjects\WebChat\crawl_service\venv\Lib\site-packages\starlette\routing.py", line 694, in lifespan
    async with self.lifespan_context(app) as maybe_state:
               ~~~~~~~~~~~~~~~~~~~~~^^^^^
  File "C:\Users\john\AppData\Local\Python\pythoncore-3.13-64\Lib\contextlib.py", line 214, in __aenter__
    return await anext(self.gen)
           ^^^^^^^^^^^^^^^^^^^^^
  File "C:\Users\john\Documents\UTSA\Lab\WebChat\WebstormProjects\WebChat\crawl_service\crawl_service.py", line 35, in lifespan
    await crawler.__aenter__()
  File "C:\Users\john\Documents\UTSA\Lab\WebChat\WebstormProjects\WebChat\crawl_service\venv\Lib\site-packages\crawl4ai\async_webcrawler.py", line 196, in __aenter__
    return await self.start()
           ^^^^^^^^^^^^^^^^^^
  File "C:\Users\john\Documents\UTSA\Lab\WebChat\WebstormProjects\WebChat\crawl_service\venv\Lib\site-packages\crawl4ai\async_webcrawler.py", line 180, in start
    self.logger.info(f"Crawl4AI {crawl4ai_version}", tag="INIT")
    ~~~~~~~~~~~~~~~~^^^^^^^^^^^^^^^^^^^^^^^^^^^^^^^^^^^^^^^^^^^^
  File "C:\Users\john\Documents\UTSA\Lab\WebChat\WebstormProjects\WebChat\crawl_service\venv\Lib\site-packages\crawl4ai\async_logger.py", line 238, in info
    self._log(LogLevel.INFO, message, tag, **kwargs)
    ~~~~~~~~~^^^^^^^^^^^^^^^^^^^^^^^^^^^^^^^^^^^^^^^
  File "C:\Users\john\Documents\UTSA\Lab\WebChat\WebstormProjects\WebChat\crawl_service\venv\Lib\site-packages\crawl4ai\async_logger.py", line 227, in _log
    self.console.print(log_line)
    ~~~~~~~~~~~~~~~~~~^^^^^^^^^^
  File "C:\Users\john\Documents\UTSA\Lab\WebChat\WebstormProjects\WebChat\crawl_service\venv\Lib\site-packages\rich\console.py", line 1697, in print
    with self:
         ^^^^
  File "C:\Users\john\Documents\UTSA\Lab\WebChat\WebstormProjects\WebChat\crawl_service\venv\Lib\site-packages\rich\console.py", line 870, in __exit__
    self._exit_buffer()
    ~~~~~~~~~~~~~~~~~^^
  File "C:\Users\john\Documents\UTSA\Lab\WebChat\WebstormProjects\WebChat\crawl_service\venv\Lib\site-packages\rich\console.py", line 826, in _exit_buffer
    self._check_buffer()
    ~~~~~~~~~~~~~~~~~~^^
  File "C:\Users\john\Documents\UTSA\Lab\WebChat\WebstormProjects\WebChat\crawl_service\venv\Lib\site-packages\rich\console.py", line 2042, in _check_buffer
    self._write_buffer()
    ~~~~~~~~~~~~~~~~~~^^
  File "C:\Users\john\Documents\UTSA\Lab\WebChat\WebstormProjects\WebChat\crawl_service\venv\Lib\site-packages\rich\console.py", line 2078, in _write_buffer
    legacy_windows_render(buffer, LegacyWindowsTerm(self.file))
    ~~~~~~~~~~~~~~~~~~~~~^^^^^^^^^^^^^^^^^^^^^^^^^^^^^^^^^^^^^^
  File "C:\Users\john\Documents\UTSA\Lab\WebChat\WebstormProjects\WebChat\crawl_service\venv\Lib\site-packages\rich\_windows_renderer.py", line 17, in legacy_windows_render
    term.write_styled(text, style)
    ~~~~~~~~~~~~~~~~~^^^^^^^^^^^^^
  File "C:\Users\john\Documents\UTSA\Lab\WebChat\WebstormProjects\WebChat\crawl_service\venv\Lib\site-packages\rich\_win32_console.py", line 441, in write_styled
    self.write_text(text)
    ~~~~~~~~~~~~~~~^^^^^^
  File "C:\Users\john\Documents\UTSA\Lab\WebChat\WebstormProjects\WebChat\crawl_service\venv\Lib\site-packages\rich\_win32_console.py", line 402, in write_text
    self.write(text)
    ~~~~~~~~~~^^^^^^
  File "C:\Users\john\AppData\Local\Python\pythoncore-3.13-64\Lib\encodings\cp1252.py", line 19, in encode
    return codecs.charmap_encode(input,self.errors,encoding_table)[0]
           ~~~~~~~~~~~~~~~~~~~~~^^^^^^^^^^^^^^^^^^^^^^^^^^^^^^^^^^
UnicodeEncodeError: 'charmap' codec can't encode character '\u2192' in position 2: character maps to <undefined>

ERROR:    Application startup failed. Exiting.
C:\Users\john\Documents\UTSA\Lab\WebChat\WebstormProjects\WebChat\crawl_service\venv\Lib\site-packages\requests\__init__.py:113: RequestsDependencyWarning: urllib3 (2.6.3) or chardet (7.0.1)/charset_normalizer (3.4.5) doesn't match a supported version!
  warnings.warn(
INFO:     Started server process [42356]
INFO:     Waiting for application startup.
INFO:     Application startup complete.
INFO:     Uvicorn running on http://0.0.0.0:11235 (Press CTRL+C to quit)
