[2026-03-11T07:05:40.290Z] Service manager started
[2026-03-11T07:05:40.293Z] Received: {"command":"start"}
[2026-03-11T07:05:40.293Z] Starting services...
[2026-03-11T07:05:40.311Z] Spawning server: node server.js in C:\Users\john\Documents\UTSA\Lab\WebChat\WebstormProjects\WebChat\server
[2026-03-11T07:05:40.317Z] Server spawned with PID 26724
[2026-03-11T07:05:40.318Z] Spawning crawl service: python crawl_service.py in C:\Users\john\Documents\UTSA\Lab\WebChat\WebstormProjects\WebChat\crawl_service
[2026-03-11T07:05:40.325Z] Crawl service spawned with PID 20796
[2026-03-11T07:05:42.358Z] Server is now running
[2026-03-11T07:05:42.670Z] stdin ended (native host disconnecting), services left running
[2026-03-11T07:07:23.487Z] Service manager started
[2026-03-11T07:07:23.490Z] Received: {"command":"stop"}
[2026-03-11T07:07:23.490Z] Stopping services...
[2026-03-11T07:07:23.490Z] Killing server (PID 26724) via taskkill
[2026-03-11T07:07:23.821Z] Killing crawl (PID 20796) via taskkill
[2026-03-11T07:07:24.126Z] taskkill failed for crawl PID 20796: Command failed: taskkill /T /F /PID 20796
[2026-03-11T07:07:24.129Z] stdin ended (native host disconnecting), services left running
[2026-03-11T07:19:19.024Z] Service manager started
[2026-03-11T07:19:19.027Z] Received: {"command":"stop"}
[2026-03-11T07:19:19.027Z] Stopping services...
[2026-03-11T07:19:19.028Z] stdin ended (native host disconnecting), services left running
[2026-03-11T07:21:40.735Z] Service manager started
[2026-03-11T07:21:40.738Z] Received: {"command":"start"}
[2026-03-11T07:21:40.738Z] Starting services...
[2026-03-11T07:21:40.755Z] Spawning server: node server.js in C:\Users\john\Documents\UTSA\Lab\WebChat\WebstormProjects\WebChat\server
[2026-03-11T07:21:40.762Z] Server spawned with PID 10156
[2026-03-11T07:21:40.763Z] Spawning crawl service: python crawl_service.py in C:\Users\john\Documents\UTSA\Lab\WebChat\WebstormProjects\WebChat\crawl_service
[2026-03-11T07:21:40.770Z] Crawl service spawned with PID 18704
[2026-03-11T07:21:42.804Z] Server is now running
[2026-03-11T07:22:10.942Z] Health check polling exhausted
[2026-03-11T07:22:40.642Z] stdin ended (native host disconnecting), services left running
[2026-03-11T07:22:47.601Z] Service manager started
[2026-03-11T07:22:47.606Z] Received: {"command":"stop"}
[2026-03-11T07:22:47.606Z] Stopping services...
[2026-03-11T07:22:47.606Z] Killing server (PID 10156) via taskkill
[2026-03-11T07:22:47.983Z] Killing crawl (PID 18704) via taskkill
[2026-03-11T07:22:48.252Z] taskkill failed for crawl PID 18704: Command failed: taskkill /T /F /PID 18704
[2026-03-11T07:23:39.924Z] Service manager started
[2026-03-11T07:23:39.926Z] Received: {"command":"start"}
[2026-03-11T07:23:39.926Z] Starting services...
[2026-03-11T07:23:39.942Z] Spawning server: node server.js in C:\Users\john\Documents\UTSA\Lab\WebChat\WebstormProjects\WebChat\server
[2026-03-11T07:23:39.949Z] Server spawned with PID 23696
[2026-03-11T07:23:39.950Z] Spawning crawl service: C:\Users\john\Documents\UTSA\Lab\WebChat\WebstormProjects\WebChat\crawl_service\venv\Scripts\python.exe crawl_service.py in C:\Users\john\Documents\UTSA\Lab\WebChat\WebstormProjects\WebChat\crawl_service
[2026-03-11T07:23:39.956Z] Crawl service spawned with PID 20360
[2026-03-11T07:23:41.980Z] Server is now running
[2026-03-11T07:24:10.099Z] Health check polling exhausted
[2026-03-11T07:24:26.295Z] stdin ended (native host disconnecting), services left running
[2026-03-11T07:28:09.069Z] Service manager started
[2026-03-11T07:28:09.071Z] Received: {"command":"start"}
[2026-03-11T07:28:09.071Z] Starting services...
[2026-03-11T07:28:09.094Z] Server already running on port 8787
[2026-03-11T07:28:09.094Z] Spawning crawl service: C:\Users\john\Documents\UTSA\Lab\WebChat\WebstormProjects\WebChat\crawl_service\venv\Scripts\python.exe crawl_service.py in C:\Users\john\Documents\UTSA\Lab\WebChat\WebstormProjects\WebChat\crawl_service
[2026-03-11T07:28:09.114Z] Crawl service spawned with PID 22916
[2026-03-11T07:28:39.297Z] Health check polling exhausted
[2026-03-11T07:29:08.954Z] stdin ended (native host disconnecting), services left running
[2026-03-11T07:29:26.362Z] Service manager started
[2026-03-11T07:29:26.365Z] Received: {"command":"stop"}
[2026-03-11T07:29:26.365Z] Stopping services...
[2026-03-11T07:29:26.365Z] Killing server (PID 23696) via taskkill
[2026-03-11T07:29:26.688Z] Killing crawl (PID 22916) via taskkill
[2026-03-11T07:29:26.958Z] taskkill failed for crawl PID 22916: Command failed: taskkill /T /F /PID 22916
[2026-03-11T07:29:44.568Z] Service manager started
[2026-03-11T07:29:44.571Z] Received: {"command":"start"}
[2026-03-11T07:29:44.572Z] Starting services...
[2026-03-11T07:29:44.590Z] Spawning server: node server.js in C:\Users\john\Documents\UTSA\Lab\WebChat\WebstormProjects\WebChat\server
[2026-03-11T07:29:44.597Z] Server spawned with PID 31952
[2026-03-11T07:29:44.598Z] Spawning crawl service: C:\Users\john\Documents\UTSA\Lab\WebChat\WebstormProjects\WebChat\crawl_service\venv\Scripts\python.exe crawl_service.py in C:\Users\john\Documents\UTSA\Lab\WebChat\WebstormProjects\WebChat\crawl_service
[2026-03-11T07:29:44.604Z] Crawl service spawned with PID 9512
[2026-03-11T07:29:46.633Z] Server is now running
[2026-03-11T07:29:46.633Z] Crawl service is now running
[2026-03-11T07:29:46.633Z] All services running
[2026-03-11T07:32:24.848Z] stdin ended (native host disconnecting), services left running
[2026-03-11T07:32:28.803Z] Service manager started
[2026-03-11T07:32:28.806Z] Received: {"command":"start"}
[2026-03-11T07:32:28.806Z] Starting services...
[2026-03-11T07:32:28.833Z] Server already running on port 8787
[2026-03-11T07:32:28.834Z] Spawning crawl service: C:\Users\john\Documents\UTSA\Lab\WebChat\WebstormProjects\WebChat\crawl_service\venv\Scripts\python.exe crawl_service.py in C:\Users\john\Documents\UTSA\Lab\WebChat\WebstormProjects\WebChat\crawl_service
[2026-03-11T07:32:28.841Z] Crawl service spawned with PID 19628
[2026-03-11T07:32:32.872Z] Crawl service is now running
[2026-03-11T07:32:32.872Z] All services running
[2026-03-11T07:35:03.711Z] stdin ended (native host disconnecting), services left running
[2026-03-11T07:35:11.898Z] Service manager started
[2026-03-11T07:35:11.900Z] Received: {"command":"start"}
[2026-03-11T07:35:11.900Z] Starting services...
[2026-03-11T07:35:11.923Z] Server already running on port 8787
[2026-03-11T07:35:11.923Z] Spawning crawl service: C:\Users\john\Documents\UTSA\Lab\WebChat\WebstormProjects\WebChat\crawl_service\venv\Scripts\python.exe crawl_service.py in C:\Users\john\Documents\UTSA\Lab\WebChat\WebstormProjects\WebChat\crawl_service
[2026-03-11T07:35:11.933Z] Crawl service spawned with PID 45568
[2026-03-11T07:35:15.974Z] Crawl service is now running
[2026-03-11T07:35:15.974Z] All services running
[2026-03-11T07:35:54.333Z] stdin ended (native host disconnecting), services left running
[2026-03-11T07:35:55.770Z] Service manager started
[2026-03-11T07:35:55.773Z] Received: {"command":"start"}
[2026-03-11T07:35:55.773Z] Starting services...
[2026-03-11T07:35:55.795Z] Server already running on port 8787
[2026-03-11T07:35:55.796Z] Spawning crawl service: C:\Users\john\Documents\UTSA\Lab\WebChat\WebstormProjects\WebChat\crawl_service\venv\Scripts\python.exe crawl_service.py in C:\Users\john\Documents\UTSA\Lab\WebChat\WebstormProjects\WebChat\crawl_service
[2026-03-11T07:35:55.803Z] Crawl service spawned with PID 24256
[2026-03-11T07:35:57.814Z] Crawl service is now running
[2026-03-11T07:35:57.814Z] All services running
[2026-03-11T07:37:15.376Z] stdin ended (native host disconnecting), services left running
[2026-03-11T07:37:32.033Z] Service manager started
[2026-03-11T07:37:32.036Z] Received: {"command":"start"}
[2026-03-11T07:37:32.036Z] Starting services...
[2026-03-11T07:37:32.056Z] Server already running on port 8787
[2026-03-11T07:37:32.057Z] Spawning crawl service: C:\Users\john\Documents\UTSA\Lab\WebChat\WebstormProjects\WebChat\crawl_service\venv\Scripts\python.exe crawl_service.py in C:\Users\john\Documents\UTSA\Lab\WebChat\WebstormProjects\WebChat\crawl_service
[2026-03-11T07:37:32.064Z] Crawl service spawned with PID 45504
[2026-03-11T07:37:34.071Z] Crawl service is now running
[2026-03-11T07:37:34.071Z] All services running
[2026-03-11T07:37:42.517Z] stdin ended (native host disconnecting), services left running
[2026-03-11T07:37:45.328Z] Service manager started
[2026-03-11T07:37:45.331Z] Received: {"command":"start"}
[2026-03-11T07:37:45.331Z] Starting services...
[2026-03-11T07:37:45.357Z] Server already running on port 8787
[2026-03-11T07:37:45.358Z] Spawning crawl service: C:\Users\john\Documents\UTSA\Lab\WebChat\WebstormProjects\WebChat\crawl_service\venv\Scripts\python.exe crawl_service.py in C:\Users\john\Documents\UTSA\Lab\WebChat\WebstormProjects\WebChat\crawl_service
[2026-03-11T07:37:45.366Z] Crawl service spawned with PID 45168
[2026-03-11T07:37:47.374Z] Crawl service is now running
[2026-03-11T07:37:47.374Z] All services running
[2026-03-11T07:38:53.360Z] stdin ended (native host disconnecting), services left running
[2026-03-11T07:39:02.762Z] Service manager started
[2026-03-11T07:39:02.765Z] Received: {"command":"start"}
[2026-03-11T07:39:02.766Z] Starting services...
[2026-03-11T07:39:02.787Z] Server already running on port 8787
[2026-03-11T07:39:02.787Z] Spawning crawl service: C:\Users\john\Documents\UTSA\Lab\WebChat\WebstormProjects\WebChat\crawl_service\venv\Scripts\python.exe crawl_service.py in C:\Users\john\Documents\UTSA\Lab\WebChat\WebstormProjects\WebChat\crawl_service
[2026-03-11T07:39:02.794Z] Crawl service spawned with PID 46032
[2026-03-11T07:39:04.812Z] Crawl service is now running
[2026-03-11T07:39:04.812Z] All services running
[2026-03-11T07:39:50.647Z] stdin ended (native host disconnecting), services left running
[2026-04-04T19:57:45.276Z] Service manager started
[2026-04-04T19:57:45.279Z] Received: {"command":"start"}
[2026-04-04T19:57:45.279Z] Starting services...
[2026-04-04T19:57:45.307Z] Spawning server: node server.js in C:\Users\john\Documents\UTSA\Lab\WebChat\WebstormProjects\WebChat\server
[2026-04-04T19:57:45.312Z] Server spawned with PID 10816
[2026-04-04T19:57:45.313Z] Spawning crawl service: C:\Users\john\Documents\UTSA\Lab\WebChat\WebstormProjects\WebChat\crawl_service\venv\Scripts\python.exe crawl_service.py in C:\Users\john\Documents\UTSA\Lab\WebChat\WebstormProjects\WebChat\crawl_service
[2026-04-04T19:57:45.322Z] Crawl service spawned with PID 14276
[2026-04-04T19:57:47.338Z] Server is now running
[2026-04-04T19:57:49.344Z] Crawl service is now running
[2026-04-04T19:57:49.344Z] All services running
[2026-04-04T20:00:25.047Z] stdin ended (native host disconnecting), services left running
[2026-04-04T20:00:35.389Z] Service manager started
[2026-04-04T20:00:35.392Z] Received: {"command":"start"}
[2026-04-04T20:00:35.392Z] Starting services...
[2026-04-04T20:00:35.409Z] Spawning server: node server.js in C:\Users\john\Documents\UTSA\Lab\WebChat\WebstormProjects\WebChat\server
[2026-04-04T20:00:35.415Z] Server spawned with PID 11980
[2026-04-04T20:00:35.415Z] Spawning crawl service: C:\Users\john\Documents\UTSA\Lab\WebChat\WebstormProjects\WebChat\crawl_service\venv\Scripts\python.exe crawl_service.py in C:\Users\john\Documents\UTSA\Lab\WebChat\WebstormProjects\WebChat\crawl_service
[2026-04-04T20:00:35.420Z] Crawl service spawned with PID 10340
[2026-04-04T20:00:37.437Z] Server is now running
[2026-04-04T20:00:37.437Z] Crawl service is now running
[2026-04-04T20:00:37.437Z] All services running
[2026-04-04T20:04:34.876Z] stdin ended (native host disconnecting), services left running
[2026-04-04T20:04:38.985Z] Service manager started
[2026-04-04T20:04:38.988Z] Received: {"command":"start"}
[2026-04-04T20:04:38.988Z] Starting services...
[2026-04-04T20:04:39.004Z] Spawning server: node server.js in C:\Users\john\Documents\UTSA\Lab\WebChat\WebstormProjects\WebChat\server
[2026-04-04T20:04:39.009Z] Server spawned with PID 5308
[2026-04-04T20:04:39.010Z] Spawning crawl service: C:\Users\john\Documents\UTSA\Lab\WebChat\WebstormProjects\WebChat\crawl_service\venv\Scripts\python.exe crawl_service.py in C:\Users\john\Documents\UTSA\Lab\WebChat\WebstormProjects\WebChat\crawl_service
[2026-04-04T20:04:39.015Z] Crawl service spawned with PID 6412
[2026-04-04T20:04:41.039Z] Server is now running
[2026-04-04T20:04:41.039Z] Crawl service is now running
[2026-04-04T20:04:41.039Z] All services running
[2026-04-04T20:07:01.662Z] stdin ended (native host disconnecting), services left running
[2026-04-04T20:07:05.816Z] Service manager started
[2026-04-04T20:07:05.819Z] Received: {"command":"start"}
[2026-04-04T20:07:05.819Z] Starting services...
[2026-04-04T20:07:05.836Z] Spawning server: node server.js in C:\Users\john\Documents\UTSA\Lab\WebChat\WebstormProjects\WebChat\server
[2026-04-04T20:07:05.841Z] Server spawned with PID 11224
[2026-04-04T20:07:05.842Z] Spawning crawl service: C:\Users\john\Documents\UTSA\Lab\WebChat\WebstormProjects\WebChat\crawl_service\venv\Scripts\python.exe crawl_service.py in C:\Users\john\Documents\UTSA\Lab\WebChat\WebstormProjects\WebChat\crawl_service
[2026-04-04T20:07:05.846Z] Crawl service spawned with PID 416
[2026-04-04T20:07:07.872Z] Server is now running
[2026-04-04T20:07:07.872Z] Crawl service is now running
[2026-04-04T20:07:07.872Z] All services running
[2026-04-04T20:17:49.852Z] stdin ended (native host disconnecting), services left running
[2026-04-04T20:17:58.064Z] Service manager started
[2026-04-04T20:17:58.066Z] Received: {"command":"start"}
[2026-04-04T20:17:58.067Z] Starting services...
[2026-04-04T20:17:58.083Z] Spawning server: node server.js in C:\Users\john\Documents\UTSA\Lab\WebChat\WebstormProjects\WebChat\server
[2026-04-04T20:17:58.088Z] Server spawned with PID 20508
[2026-04-04T20:17:58.089Z] Spawning crawl service: C:\Users\john\Documents\UTSA\Lab\WebChat\WebstormProjects\WebChat\crawl_service\venv\Scripts\python.exe crawl_service.py in C:\Users\john\Documents\UTSA\Lab\WebChat\WebstormProjects\WebChat\crawl_service
[2026-04-04T20:17:58.094Z] Crawl service spawned with PID 13084
[2026-04-04T20:18:00.112Z] Server is now running
[2026-04-04T20:18:00.112Z] Crawl service is now running
[2026-04-04T20:18:00.112Z] All services running
[2026-04-04T20:25:02.544Z] stdin ended (native host disconnecting), services left running
